// Jest Snapshot v1, https://goo.gl/fbAQLP

exports[`matches snapshot 1`] = `
<View
  style={
    {
      "alignItems": "center",
      "backgroundColor": "#fff",
      "flex": 1,
      "justifyContent": "center",
    }
  }
  testID="testId"
>
  <Text
    style={
      {
        "color": "#000000",
        "fontSize": 48,
        "height": 140,
      }
    }
  >
    Zero Hunger
  </Text>
  <Text />
  <View
    style={
      {
        "backgroundColor": "#D3D3D3",
        "borderRadius": 30,
        "height": 45,
        "marginBottom": 10,
        "marginTop": 5,
        "width": "70%",
      }
    }
  >
    <TextInput
      onChange={[Function]}
      placeholder="Username"
      placeholderTextColor="#000000"
      style={
        {
          "flex": 1,
          "fontSize": 15,
          "marginLeft": 10,
          "padding": 10,
        }
      }
    />
  </View>
  <View
    style={
      {
        "backgroundColor": "#D3D3D3",
        "borderRadius": 30,
        "height": 45,
        "marginBottom": 10,
        "marginTop": 5,
        "width": "70%",
      }
    }
  >
    <TextInput
      onChange={[Function]}
      placeholder="Password"
      placeholderTextColor="#000000"
      secureTextEntry={true}
      style={
        {
          "flex": 1,
          "fontSize": 15,
          "marginLeft": 10,
          "padding": 10,
        }
      }
    />
  </View>
  <View
    accessible={true}
    collapsable={false}
    focusable={false}
    onClick={[Function]}
    onResponderGrant={[Function]}
    onResponderMove={[Function]}
    onResponderRelease={[Function]}
    onResponderTerminate={[Function]}
    onResponderTerminationRequest={[Function]}
    onStartShouldSetResponder={[Function]}
    style={
      {
        "opacity": 1,
      }
    }
  >
    <Text
      style={
        {
          "fontSize": 12,
          "height": 16,
          "marginBottom": 30,
          "marginLeft": 150,
        }
      }
    >
      Forgot password?
    </Text>
  </View>
  <Text
    style={
      {
        "color": "red",
      }
    }
  />
  <View
    accessible={true}
    collapsable={false}
    focusable={true}
    onClick={[Function]}
    onResponderGrant={[Function]}
    onResponderMove={[Function]}
    onResponderRelease={[Function]}
    onResponderTerminate={[Function]}
    onResponderTerminationRequest={[Function]}
    onStartShouldSetResponder={[Function]}
    style={
      {
        "alignItems": "center",
        "backgroundColor": "#6A6A6A",
        "borderRadius": 25,
        "height": 50,
        "marginTop": 30,
        "opacity": 1,
        "title": "Login",
        "width": "85%",
      }
    }
  >
    <Text
      style={
        {
          "color": "#FFFFFF",
          "fontSize": 15,
          "marginLeft": 10,
          "padding": 15,
        }
      }
    >
      Login
    </Text>
  </View>
  <View
    accessible={true}
    collapsable={false}
    focusable={true}
    onClick={[Function]}
    onResponderGrant={[Function]}
    onResponderMove={[Function]}
    onResponderRelease={[Function]}
    onResponderTerminate={[Function]}
    onResponderTerminationRequest={[Function]}
    onStartShouldSetResponder={[Function]}
    style={
      {
        "alignItems": "center",
        "backgroundColor": "#A9A9A9",
        "borderRadius": 25,
        "height": 50,
        "marginTop": 15,
        "opacity": 1,
        "title": "Sign Up",
        "width": "85%",
      }
    }
  >
    <Text
      style={
        {
          "color": "#FFFFFF",
          "fontSize": 15,
          "marginLeft": 10,
          "padding": 15,
        }
      }
    >
      Sign Up
    </Text>
  </View>
</View>
`;
